// Jest Snapshot v1, https://goo.gl/fbAQLP

exports[`<Button /> snapshot  renders correctly 1`] = `
<button
  className="Button Success"
  onClick={[Function]}
  type="button"
/>
`;
