// Jest Snapshot v1, https://goo.gl/fbAQLP

exports[`<NumberInput /> snapshot  renders correctly 1`] = `
<div
  className=""
>
  <input
    className="Input"
    defaultValue=""
    name=""
    onChange={[Function]}
    placeholder="label"
    type="number"
  />
</div>
`;
