// Jest Snapshot v1, https://goo.gl/fbAQLP

exports[`<Text /> snapshot  renders correctly 1`] = `
<p>
  some text
</p>
`;
